[backblue.gif]
[fade.gif]
[index.html]
[box-bay.com/images/baufortschritt_neu.jpg]
[box-bay.com/images/the_future_is_vertical.jpg]
[box-bay.com/images/the_future_is_vertical_2.jpg]
[box-bay.com/images/hero-image-3.jpg]
[box-bay.com/images/the_future_is_vertical_3.jpg]
[box-bay.com/images/3d_experience.jpg]
[box-bay.com/images/3d_experience_2.jpg]
[box-bay.com/images/3d_experience_3.jpg]
[box-bay.com/images/major_settings.jpg]
[box-bay.com/images/hard_terminal_business.jpg]
[box-bay.com/images/hard_terminal_business_2.jpg]
[box-bay.com/images/hard_terminal_business_3.jpg]
[box-bay.com/images/van_der_meer_aktuell.jpg]
[box-bay.com/images/middle_east.jpg]
[box-bay.com/images/contact-map.jpg]
[box-bay.com/images/map-marker.png]
[code.jquery.com/jquery-3.3.1.min.js]
[box-bay.com/javascript/vendor/consent.js]
[box-bay.com/javascript/app.bundle.js]
[box-bay.com/index.html]
[box-bay.com/fonts/OpenSans-Regular.woff2]
[box-bay.com/fonts/OpenSans-Regular.woff]
[box-bay.com/fonts/OpenSans-Regular.ttf]
[box-bay.com/fonts/OpenSans-Light.woff2]
[box-bay.com/fonts/OpenSans-Light.woff]
[box-bay.com/fonts/OpenSans-Light.ttf]
[box-bay.com/fonts/OpenSans-Bold.woff2]
[box-bay.com/fonts/OpenSans-Bold.woff]
[box-bay.com/fonts/OpenSans-Bold.ttf]
[box-bay.com/fonts/OpenSans-ExtraBold.woff2]
[box-bay.com/fonts/OpenSans-ExtraBold.woff]
[box-bay.com/fonts/OpenSans-ExtraBold.ttf]
[box-bay.com/css/styles.css]
[box-bay.com/svg/BOXBAY_logo.svg]
[box-bay.com/css/images/layers.html]
[box-bay.com/css/images/layers-2x.html]
[box-bay.com/css/images/marker-icon.html]
[box-bay.com/svg/slider-control.svg]
[box-bay.com/svg/info-sign.svg]
[box-bay.com/svg/menu-open.svg]
